// Jest Snapshot v1, https://goo.gl/fbAQLP

exports[`component config-delete-close is clickable 1`] = `
<button
  className="delete"
  onClick={[Function]}
/>
`;
