// Jest Snapshot v1, https://goo.gl/fbAQLP

exports[`component config-search-active-tab load config names before being mounted 1`] = `
<a
  className="is-active"
>
  mapping
</a>
`;
