// Jest Snapshot v1, https://goo.gl/fbAQLP

exports[`component config-search-toggle is clickable 1`] = `
<button
  className="button is-white"
  onClick={[Function]}
>
  <span
    className="icon is-small"
  >
    <i
      className="fa fa-search"
    />
  </span>
</button>
`;
