// Jest Snapshot v1, https://goo.gl/fbAQLP

exports[`component config-delete-yes is clickable 1`] = `
<button
  className="button is-danger"
  onClick={[Function]}
>
  Delete
</button>
`;
