// Jest Snapshot v1, https://goo.gl/fbAQLP

exports[`component config-header can be rendered 1`] = `
<div
  className="tags has-addons"
>
  <span
    className="tag is-medium is-primary"
  >
    source
  </span>
  <span
    className="tag is-medium"
  >
    vehicles
  </span>
</div>
`;
