// Jest Snapshot v1, https://goo.gl/fbAQLP

exports[`component config-search-tab is clickable 1`] = `
<a
  onClick={[Function]}
>
  mapping
</a>
`;
