// Jest Snapshot v1, https://goo.gl/fbAQLP

exports[`component modal-view wraps its children 1`] = `
<div
  className="modal is-active"
>
  <div
    className="modal-background"
  />
  <div
    className="modal-content"
  >
    content
  </div>
</div>
`;
