// Jest Snapshot v1, https://goo.gl/fbAQLP

exports[`component new-config can be rendered 1`] = `
<div
  className="new-config box"
>
  <div
    className="field"
  >
    <label
      className="label"
    >
      Type
    </label>
    <div
      className="control is-expaned"
    >
      <div
        className="select is-fullwidth"
      >
        <select
          onChange={[Function]}
          value="mapping"
        >
          <option
            value="source"
          >
            source
          </option>
          <option
            value="mapping"
          >
            mapping
          </option>
          <option
            value="graphSchema"
          >
            graphSchema
          </option>
        </select>
      </div>
    </div>
  </div>
  <div
    className="field"
  >
    <label
      className="label"
    >
      Name
    </label>
    <div
      className="control"
    >
      <input
        className="input"
        onChange={[Function]}
        type="text"
        value="people"
      />
    </div>
  </div>
  <div
    className="field is-grouped is-grouped-centered"
  >
    <div
      className="control"
    >
      <button
        className="button is-primary"
        onClick={[Function]}
      >
        Add
      </button>
    </div>
    <div
      className="control"
    >
      <button
        className="button"
        onClick={[Function]}
      >
        Cancel
      </button>
    </div>
  </div>
</div>
`;
